------------------------------------------------------------
Timing Analyzer Summary
------------------------------------------------------------

Type  : Slow 1100mV 85C Model Setup 'clk'
Slack : -5.703
TNS   : -139.093

Type  : Slow 1100mV 85C Model Setup 'state'
Slack : -4.524
TNS   : -128.645

Type  : Slow 1100mV 85C Model Setup 'FrequencyDivider:fd|clk_div'
Slack : -1.953
TNS   : -13.024

Type  : Slow 1100mV 85C Model Hold 'clk'
Slack : 0.443
TNS   : 0.000

Type  : Slow 1100mV 85C Model Hold 'state'
Slack : 0.643
TNS   : 0.000

Type  : Slow 1100mV 85C Model Hold 'FrequencyDivider:fd|clk_div'
Slack : 0.860
TNS   : 0.000

Type  : Slow 1100mV 85C Model Minimum Pulse Width 'clk'
Slack : -0.538
TNS   : -33.905

Type  : Slow 1100mV 85C Model Minimum Pulse Width 'FrequencyDivider:fd|clk_div'
Slack : -0.538
TNS   : -7.875

Type  : Slow 1100mV 85C Model Minimum Pulse Width 'state'
Slack : 0.072
TNS   : 0.000

Type  : Slow 1100mV 0C Model Setup 'clk'
Slack : -5.770
TNS   : -138.155

Type  : Slow 1100mV 0C Model Setup 'state'
Slack : -4.263
TNS   : -120.092

Type  : Slow 1100mV 0C Model Setup 'FrequencyDivider:fd|clk_div'
Slack : -1.994
TNS   : -12.944

Type  : Slow 1100mV 0C Model Hold 'state'
Slack : 0.268
TNS   : 0.000

Type  : Slow 1100mV 0C Model Hold 'clk'
Slack : 0.448
TNS   : 0.000

Type  : Slow 1100mV 0C Model Hold 'FrequencyDivider:fd|clk_div'
Slack : 0.895
TNS   : 0.000

Type  : Slow 1100mV 0C Model Minimum Pulse Width 'clk'
Slack : -0.538
TNS   : -34.987

Type  : Slow 1100mV 0C Model Minimum Pulse Width 'FrequencyDivider:fd|clk_div'
Slack : -0.538
TNS   : -7.827

Type  : Slow 1100mV 0C Model Minimum Pulse Width 'state'
Slack : 0.090
TNS   : 0.000

Type  : Fast 1100mV 85C Model Setup 'clk'
Slack : -3.035
TNS   : -49.309

Type  : Fast 1100mV 85C Model Setup 'state'
Slack : -2.504
TNS   : -72.096

Type  : Fast 1100mV 85C Model Setup 'FrequencyDivider:fd|clk_div'
Slack : -0.611
TNS   : -4.223

Type  : Fast 1100mV 85C Model Hold 'clk'
Slack : 0.200
TNS   : 0.000

Type  : Fast 1100mV 85C Model Hold 'FrequencyDivider:fd|clk_div'
Slack : 0.300
TNS   : 0.000

Type  : Fast 1100mV 85C Model Hold 'state'
Slack : 0.369
TNS   : 0.000

Type  : Fast 1100mV 85C Model Minimum Pulse Width 'clk'
Slack : -0.346
TNS   : -4.219

Type  : Fast 1100mV 85C Model Minimum Pulse Width 'state'
Slack : -0.163
TNS   : -4.989

Type  : Fast 1100mV 85C Model Minimum Pulse Width 'FrequencyDivider:fd|clk_div'
Slack : 0.090
TNS   : 0.000

Type  : Fast 1100mV 0C Model Setup 'clk'
Slack : -2.724
TNS   : -42.283

Type  : Fast 1100mV 0C Model Setup 'state'
Slack : -1.990
TNS   : -56.599

Type  : Fast 1100mV 0C Model Setup 'FrequencyDivider:fd|clk_div'
Slack : -0.535
TNS   : -3.456

Type  : Fast 1100mV 0C Model Hold 'clk'
Slack : 0.191
TNS   : 0.000

Type  : Fast 1100mV 0C Model Hold 'state'
Slack : 0.193
TNS   : 0.000

Type  : Fast 1100mV 0C Model Hold 'FrequencyDivider:fd|clk_div'
Slack : 0.280
TNS   : 0.000

Type  : Fast 1100mV 0C Model Minimum Pulse Width 'clk'
Slack : -0.346
TNS   : -4.338

Type  : Fast 1100mV 0C Model Minimum Pulse Width 'state'
Slack : -0.125
TNS   : -3.395

Type  : Fast 1100mV 0C Model Minimum Pulse Width 'FrequencyDivider:fd|clk_div'
Slack : 0.103
TNS   : 0.000

------------------------------------------------------------
